// Bun Snapshot v1, https://bun.sh/docs/test/snapshots

exports[`端點清單快照 已註冊的端點與快照一致（\`path | cmd | 認證群組 | request body 必填欄位\`） 1`] = `
"/attendance/correction-requests/list-own | attendance.correction-requests.list-own | authenticated | cmd,currentPage,locale,perPage,rqTS,yearMonth
/attendance/correction-requests/submit | attendance.correction-requests.submit | authenticated | attendanceTypeCode,cmd,locale,reason,requestedClockedAt,rqTS,workDate
/attendance/correction-requests/withdraw | attendance.correction-requests.withdraw | authenticated | cmd,locale,requestId,rqTS
/attendance/records/create | attendance.records.create | authenticated | attendanceTypeCode,cmd,locale,rqTS
/attendance/records/get | attendance.records.get | authenticated | cmd,locale,recordId,rqTS
/attendance/records/list-by-date | attendance.records.list-by-date | authenticated | cmd,currentPage,date,locale,perPage,rqTS
/attendance/records/list-own-by-date | attendance.records.list-own-by-date | authenticated | cmd,currentPage,date,locale,perPage,rqTS
/attendance/records/revoke | attendance.records.revoke | authenticated | cmd,locale,reason,recordId,rqTS
/attendance/records/revoke-other | attendance.records.revoke-other | authenticated | cmd,locale,reason,recordId,rqTS
/attendance/results/list | attendance.results.list | authenticated | cmd,currentPage,locale,perPage,rqTS,yearMonth
/attendance/results/list-own | attendance.results.list-own | authenticated | cmd,currentPage,locale,perPage,rqTS,yearMonth
/attendance/results/recalculate-no-schedule | attendance.results.recalculate-no-schedule | authenticated | cmd,locale,rqTS
/attendance/settings/get | attendance.settings.get | authenticated | cmd,locale,rqTS
/attendance/settings/update | attendance.settings.update | authenticated | allowCorrectionRequest,allowEmployeeCancellation,cmd,correctionRequiresApproval,gpsEnabled,gpsRequired,locale,requireClockInBeforeClockOut,rqTS
/company-users/main/activate | company-users.main.activate | authenticated | cmd,employeeId,locale,rqTS
/company-users/main/deactivate | company-users.main.deactivate | authenticated | cmd,employeeId,locale,rqTS
/company-users/main/reset-password | company-users.main.reset-password | authenticated | cmd,companyUserId,locale,newPassword,rqTS
/company-users/roles/create | company-users.roles.create | authenticated | cmd,companyUserId,locale,roleIds,rqTS
/company-users/roles/list | company-users.roles.list | authenticated | cmd,currentPage,includeRevoked,locale,perPage,rqTS
/company-users/roles/revoke | company-users.roles.revoke | authenticated | cmd,companyUserId,locale,roleIds,rqTS
/departments/main/create | departments.main.create | authenticated | cmd,code,locale,name,parentId,rqTS
/departments/main/delete | departments.main.delete | authenticated | cmd,id,locale,rqTS
/departments/main/get | departments.main.get | authenticated | cmd,id,locale,rqTS
/departments/main/tree | departments.main.tree | authenticated | cmd,locale,rqTS
/departments/main/update | departments.main.update | authenticated | cmd,code,id,locale,name,parentId,rqTS,status
/dependents/main/create | dependents.main.create | authenticated | birthday,cmd,effectiveDate,employeeId,identityNumber,isCohabiting,isDisabled,isStudent,isUnableToWork,locale,name,relationshipCode,rqTS
/dependents/main/list | dependents.main.list | authenticated | cmd,currentPage,employeeId,locale,perPage,rqTS
/dependents/main/terminate | dependents.main.terminate | authenticated | cmd,endDate,id,locale,rqTS
/employees/main/delete | employees.main.delete | authenticated | cmd,id,locale,rqTS
/employees/main/get | employees.main.get | authenticated | cmd,id,locale,rqTS
/employees/main/list | employees.main.list | authenticated | cmd,currentPage,locale,perPage,rqTS
/employees/main/update | employees.main.update | authenticated | cmd,employeeCode,gender,id,locale,name,rqTS
/employees/onboarding/create | employees.onboarding.create | authenticated | address,birthday,cmd,departmentId,employeeCode,employmentTypeCode,gender,hireDate,identityNumber,initialPassword,locale,name,phone,roleIds,rqTS,username,withholdingMethodCode
/employments/department-histories/create | employments.department-histories.create | authenticated | cmd,departmentId,effectiveFrom,employmentId,locale,rqTS
/employments/department-histories/list | employments.department-histories.list | authenticated | cmd,currentPage,employmentId,locale,perPage,rqTS
/employments/job-position-histories/create | employments.job-position-histories.create | authenticated | cmd,effectiveFrom,employmentId,jobPositionIds,locale,rqTS
/employments/job-position-histories/list | employments.job-position-histories.list | authenticated | cmd,currentPage,employmentId,locale,perPage,rqTS
/employments/job-title-histories/create | employments.job-title-histories.create | authenticated | cmd,effectiveFrom,employmentId,jobTitleId,locale,rqTS
/employments/job-title-histories/list | employments.job-title-histories.list | authenticated | cmd,currentPage,employmentId,locale,perPage,rqTS
/employments/main/create | employments.main.create | authenticated | cmd,employeeId,employmentTypeCode,hireDate,locale,rqTS
/employments/main/get | employments.main.get | authenticated | cmd,id,locale,rqTS
/employments/main/leave | employments.main.leave | authenticated | cmd,id,lastWorkingDate,leaveDate,leaveReasonCode,locale,rqTS
/employments/main/list | employments.main.list | authenticated | cmd,currentPage,locale,perPage,rqTS
/job-positions/main/create | job-positions.main.create | authenticated | cmd,code,locale,name,rqTS
/job-positions/main/delete | job-positions.main.delete | authenticated | cmd,id,locale,rqTS
/job-positions/main/get | job-positions.main.get | authenticated | cmd,id,locale,rqTS
/job-positions/main/list | job-positions.main.list | authenticated | cmd,currentPage,locale,perPage,rqTS
/job-positions/main/update | job-positions.main.update | authenticated | cmd,code,id,locale,name,rqTS,status
/job-titles/main/create | job-titles.main.create | authenticated | cmd,code,locale,name,rqTS
/job-titles/main/delete | job-titles.main.delete | authenticated | cmd,id,locale,rqTS
/job-titles/main/get | job-titles.main.get | authenticated | cmd,id,locale,rqTS
/job-titles/main/list | job-titles.main.list | authenticated | cmd,currentPage,locale,perPage,rqTS
/job-titles/main/update | job-titles.main.update | authenticated | cmd,code,id,locale,name,rqTS,status
/labor-pension/main/create | labor-pension.main.create | authenticated | cmd,effectiveFrom,employeeId,locale,rqTS,voluntaryContributionRate
/labor-pension/main/list | labor-pension.main.list | authenticated | cmd,currentPage,employeeId,locale,perPage,rqTS
/permissions/main/tree | permissions.main.tree | authenticated | cmd,locale,rqTS
/regulatory/datasets/get | regulatory.datasets.get | authenticated | cmd,id,locale,rqTS
/regulatory/datasets/list | regulatory.datasets.list | authenticated | cmd,currentPage,datasetCode,locale,perPage,rqTS
/regulatory/datasets/overview | regulatory.datasets.overview | authenticated | asOfDate,cmd,locale,rqTS
/regulatory/datasets/resolve | regulatory.datasets.resolve | authenticated | asOfDate,cmd,datasetCode,locale,rqTS
/regulatory/sync/list | regulatory.sync.list | authenticated | cmd,currentPage,datasetCode,locale,perPage,rqTS
/roles/main/activate | roles.main.activate | authenticated | cmd,id,locale,rqTS
/roles/main/create | roles.main.create | authenticated | cmd,code,locale,name,permissionIds,rqTS
/roles/main/deactivate | roles.main.deactivate | authenticated | cmd,id,locale,rqTS
/roles/main/delete | roles.main.delete | authenticated | cmd,id,locale,rqTS
/roles/main/get | roles.main.get | authenticated | cmd,id,locale,rqTS
/roles/main/list | roles.main.list | authenticated | cmd,currentPage,locale,perPage,rqTS
/roles/main/update | roles.main.update | authenticated | cmd,id,locale,name,permissionIds,rqTS
/sessions/main/context | sessions.main.context | authenticated | cmd,locale,rqTS
/sessions/main/login | sessions.main.login | public | cmd,companyCode,locale,password,rqTS,username
/sessions/main/logout | sessions.main.logout | authenticated | cmd,locale,rqTS
/sessions/main/logout-all | sessions.main.logout-all | authenticated | cmd,locale,rqTS
/sessions/main/refresh | sessions.main.refresh | refresh | cmd,locale,rqTS
/shifts/main/copy | shifts.main.copy | authenticated | cmd,code,description,isActive,locale,name,rqTS,sourceId
/shifts/main/create | shifts.main.create | authenticated | breaks,cmd,code,description,isActive,isFlexible,locale,name,rqTS,workPeriods,workTypeCode
/shifts/main/delete | shifts.main.delete | authenticated | cmd,id,locale,rqTS
/shifts/main/get | shifts.main.get | authenticated | cmd,id,locale,rqTS
/shifts/main/list | shifts.main.list | authenticated | cmd,currentPage,locale,perPage,rqTS
/shifts/main/update | shifts.main.update | authenticated | breaks,cmd,code,description,id,isActive,isFlexible,locale,name,rqTS,workPeriods,workTypeCode
/withholding/main/create | withholding.main.create | authenticated | cmd,effectiveFrom,employeeId,locale,rqTS,withholdingMethodCode
/withholding/main/list | withholding.main.list | authenticated | cmd,currentPage,employeeId,locale,perPage,rqTS"
`;
